Product: MDK-ARM Standard 5.10
Component: ARM Compiler 5.04 update 1 (build 49)
Tool: armlink [5040049]

==============================================================================

Section Cross References

    startup_stm32f10x_md.o(RESET) refers to startup_stm32f10x_md.o(STACK) for __initial_sp
    startup_stm32f10x_md.o(RESET) refers to startup_stm32f10x_md.o(.text) for Reset_Handler
    startup_stm32f10x_md.o(RESET) refers to stm32f10x_it.o(i.NMI_Handler) for NMI_Handler
    startup_stm32f10x_md.o(RESET) refers to stm32f10x_it.o(i.HardFault_Handler) for HardFault_Handler
    startup_stm32f10x_md.o(RESET) refers to stm32f10x_it.o(i.MemManage_Handler) for MemManage_Handler
    startup_stm32f10x_md.o(RESET) refers to stm32f10x_it.o(i.BusFault_Handler) for BusFault_Handler
    startup_stm32f10x_md.o(RESET) refers to stm32f10x_it.o(i.UsageFault_Handler) for UsageFault_Handler
    startup_stm32f10x_md.o(RESET) refers to stm32f10x_it.o(i.SVC_Handler) for SVC_Handler
    startup_stm32f10x_md.o(RESET) refers to stm32f10x_it.o(i.DebugMon_Handler) for DebugMon_Handler
    startup_stm32f10x_md.o(RESET) refers to stm32f10x_it.o(i.PendSV_Handler) for PendSV_Handler
    startup_stm32f10x_md.o(RESET) refers to stm32f10x_it.o(i.SysTick_Handler) for SysTick_Handler
    startup_stm32f10x_md.o(RESET) refers to stm32f10x_it.o(i.EXTI9_5_IRQHandler) for EXTI9_5_IRQHandler
    startup_stm32f10x_md.o(RESET) refers to stm32f10x_it.o(i.USART1_IRQHandler) for USART1_IRQHandler
    startup_stm32f10x_md.o(.text) refers to system_stm32f10x.o(i.SystemInit) for SystemInit
    startup_stm32f10x_md.o(.text) refers to entry.o(.ARM.Collect$$$$00000000) for __main
    system_stm32f10x.o(i.SetSysClock) refers to system_stm32f10x.o(i.SetSysClockTo72) for SetSysClockTo72
    system_stm32f10x.o(i.SystemCoreClockUpdate) refers to system_stm32f10x.o(.data) for SystemCoreClock
    system_stm32f10x.o(i.SystemInit) refers to system_stm32f10x.o(i.SetSysClock) for SetSysClock
    stm32f10x_spi.o(i.I2S_Init) refers to stm32f10x_rcc.o(i.RCC_GetClocksFreq) for RCC_GetClocksFreq
    stm32f10x_spi.o(i.SPI_I2S_DeInit) refers to stm32f10x_rcc.o(i.RCC_APB2PeriphResetCmd) for RCC_APB2PeriphResetCmd
    stm32f10x_spi.o(i.SPI_I2S_DeInit) refers to stm32f10x_rcc.o(i.RCC_APB1PeriphResetCmd) for RCC_APB1PeriphResetCmd
    stm32f10x_gpio.o(i.GPIO_AFIODeInit) refers to stm32f10x_rcc.o(i.RCC_APB2PeriphResetCmd) for RCC_APB2PeriphResetCmd
    stm32f10x_gpio.o(i.GPIO_DeInit) refers to stm32f10x_rcc.o(i.RCC_APB2PeriphResetCmd) for RCC_APB2PeriphResetCmd
    stm32f10x_rcc.o(i.RCC_GetClocksFreq) refers to stm32f10x_rcc.o(.data) for APBAHBPrescTable
    stm32f10x_rcc.o(i.RCC_WaitForHSEStartUp) refers to stm32f10x_rcc.o(i.RCC_GetFlagStatus) for RCC_GetFlagStatus
    stm32f10x_usart.o(i.USART_DeInit) refers to stm32f10x_rcc.o(i.RCC_APB2PeriphResetCmd) for RCC_APB2PeriphResetCmd
    stm32f10x_usart.o(i.USART_DeInit) refers to stm32f10x_rcc.o(i.RCC_APB1PeriphResetCmd) for RCC_APB1PeriphResetCmd
    stm32f10x_usart.o(i.USART_Init) refers to stm32f10x_rcc.o(i.RCC_GetClocksFreq) for RCC_GetClocksFreq
    exti.o(i.Exti_Int) refers to stm32f10x_rcc.o(i.RCC_APB2PeriphClockCmd) for RCC_APB2PeriphClockCmd
    exti.o(i.Exti_Int) refers to stm32f10x_gpio.o(i.GPIO_Init) for GPIO_Init
    exti.o(i.Exti_Int) refers to dfltui.o(.text) for __aeabi_ui2d
    exti.o(i.Exti_Int) refers to sqrt.o(i.sqrt) for sqrt
    exti.o(i.Exti_Int) refers to dfixui.o(.text) for __aeabi_d2uiz
    exti.o(i.Exti_Int) refers to stm32f10x_gpio.o(i.GPIO_EXTILineConfig) for GPIO_EXTILineConfig
    exti.o(i.Exti_Int) refers to stm32f10x_exti.o(i.EXTI_Init) for EXTI_Init
    spi.o(i.Spi1_Int) refers to stm32f10x_rcc.o(i.RCC_APB2PeriphClockCmd) for RCC_APB2PeriphClockCmd
    spi.o(i.Spi1_Int) refers to stm32f10x_gpio.o(i.GPIO_Init) for GPIO_Init
    spi.o(i.Spi1_Int) refers to stm32f10x_gpio.o(i.GPIO_SetBits) for GPIO_SetBits
    spi.o(i.Spi1_Int) refers to stm32f10x_spi.o(i.SPI_Init) for SPI_Init
    spi.o(i.Spi1_Int) refers to stm32f10x_spi.o(i.SPI_Cmd) for SPI_Cmd
    spi.o(i.Spi_RW) refers to stm32f10x_spi.o(i.SPI_I2S_GetFlagStatus) for SPI_I2S_GetFlagStatus
    spi.o(i.Spi_RW) refers to stm32f10x_spi.o(i.SPI_I2S_SendData) for SPI_I2S_SendData
    spi.o(i.Spi_RW) refers to stm32f10x_spi.o(i.SPI_I2S_ReceiveData) for SPI_I2S_ReceiveData
    spi.o(i.Spi_read_buf) refers to stm32f10x_gpio.o(i.GPIO_ResetBits) for GPIO_ResetBits
    spi.o(i.Spi_read_buf) refers to spi.o(i.Spi_RW) for Spi_RW
    spi.o(i.Spi_read_buf) refers to stm32f10x_gpio.o(i.GPIO_SetBits) for GPIO_SetBits
    spi.o(i.Spi_write_buf) refers to stm32f10x_gpio.o(i.GPIO_ResetBits) for GPIO_ResetBits
    spi.o(i.Spi_write_buf) refers to spi.o(i.Spi_RW) for Spi_RW
    spi.o(i.Spi_write_buf) refers to stm32f10x_gpio.o(i.GPIO_SetBits) for GPIO_SetBits
    stm32f10x_it.o(i.EXTI9_5_IRQHandler) refers to stm32f10x_exti.o(i.EXTI_GetITStatus) for EXTI_GetITStatus
    stm32f10x_it.o(i.EXTI9_5_IRQHandler) refers to spi.o(i.Spi_read_buf) for Spi_read_buf
    stm32f10x_it.o(i.EXTI9_5_IRQHandler) refers to stm32f10x_exti.o(i.EXTI_ClearITPendingBit) for EXTI_ClearITPendingBit
    stm32f10x_it.o(i.EXTI9_5_IRQHandler) refers to usart.o(.data) for BIT
    stm32f10x_it.o(i.EXTI9_5_IRQHandler) refers to usart.o(.bss) for ACM_BUF
    stm32f10x_it.o(i.USART1_IRQHandler) refers to stm32f10x_usart.o(i.USART_GetITStatus) for USART_GetITStatus
    stm32f10x_it.o(i.USART1_IRQHandler) refers to stm32f10x_usart.o(i.USART_ReceiveData) for USART_ReceiveData
    stm32f10x_it.o(i.USART1_IRQHandler) refers to stm32f10x_usart.o(i.USART_ClearFlag) for USART_ClearFlag
    stm32f10x_it.o(i.USART1_IRQHandler) refers to stm32f10x_it.o(.data) for i
    stm32f10x_it.o(i.USART1_IRQHandler) refers to usart.o(.data) for stata_reg
    delay.o(i.delay_init) refers to misc.o(i.SysTick_CLKSourceConfig) for SysTick_CLKSourceConfig
    delay.o(i.delay_init) refers to delay.o(.data) for Times_us
    delay.o(i.delay_ms) refers to delay.o(.data) for Times_ms
    delay.o(i.delay_us) refers to delay.o(.data) for Times_us
    usart.o(i.CHeck) refers to usart.o(i.send_out) for send_out
    usart.o(i.CHeck) refers to spi.o(i.Spi_write_buf) for Spi_write_buf
    usart.o(i.CHeck) refers to usart.o(.data) for read_key
    usart.o(i.USART_Send) refers to usart.o(i.USART_send_byte) for USART_send_byte
    usart.o(i.USART_Send_bytes) refers to usart.o(i.USART_send_byte) for USART_send_byte
    usart.o(i.USART_send_byte) refers to stm32f10x_usart.o(i.USART_GetFlagStatus) for USART_GetFlagStatus
    usart.o(i.Usart_Int) refers to stm32f10x_rcc.o(i.RCC_APB2PeriphClockCmd) for RCC_APB2PeriphClockCmd
    usart.o(i.Usart_Int) refers to stm32f10x_gpio.o(i.GPIO_Init) for GPIO_Init
    usart.o(i.Usart_Int) refers to stm32f10x_usart.o(i.USART_Init) for USART_Init
    usart.o(i.Usart_Int) refers to stm32f10x_usart.o(i.USART_ITConfig) for USART_ITConfig
    usart.o(i.Usart_Int) refers to stm32f10x_usart.o(i.USART_Cmd) for USART_Cmd
    usart.o(i.send_out) refers to memseta.o(.text) for __aeabi_memclr4
    usart.o(i.send_out) refers to usart.o(i.USART_Send) for USART_Send
    led.o(i.LED_Int) refers to stm32f10x_rcc.o(i.RCC_APB2PeriphClockCmd) for RCC_APB2PeriphClockCmd
    led.o(i.LED_Int) refers to stm32f10x_gpio.o(i.GPIO_Init) for GPIO_Init
    led.o(i.LED_Int) refers to stm32f10x_gpio.o(i.GPIO_SetBits) for GPIO_SetBits
    main.o(i.NVIC_Configuration) refers to misc.o(i.NVIC_PriorityGroupConfig) for NVIC_PriorityGroupConfig
    main.o(i.NVIC_Configuration) refers to misc.o(i.NVIC_Init) for NVIC_Init
    main.o(i.main) refers to memseta.o(.text) for __aeabi_memclr4
    main.o(i.main) refers to delay.o(i.delay_init) for delay_init
    main.o(i.main) refers to led.o(i.LED_Int) for LED_Int
    main.o(i.main) refers to usart.o(i.Usart_Int) for Usart_Int
    main.o(i.main) refers to spi.o(i.Spi1_Int) for Spi1_Int
    main.o(i.main) refers to exti.o(i.Exti_Int) for Exti_Int
    main.o(i.main) refers to main.o(i.NVIC_Configuration) for NVIC_Configuration
    main.o(i.main) refers to delay.o(i.delay_ms) for delay_ms
    main.o(i.main) refers to spi.o(i.Spi_write_buf) for Spi_write_buf
    main.o(i.main) refers to spi.o(i.Spi_read_buf) for Spi_read_buf
    main.o(i.main) refers to stm32f10x_gpio.o(i.GPIO_ResetBits) for GPIO_ResetBits
    main.o(i.main) refers to memcpya.o(.text) for __aeabi_memcpy
    main.o(i.main) refers to usart.o(i.CHeck) for CHeck
    main.o(i.main) refers to usart.o(i.send_out) for send_out
    main.o(i.main) refers to usart.o(.data) for BIT
    main.o(i.main) refers to usart.o(.bss) for ACM_BUF
    sqrt.o(i.__softfp_sqrt) refers (Special) to iusefp.o(.text) for __I$use$fp
    sqrt.o(i.__softfp_sqrt) refers to dsqrt.o(.text) for _dsqrt
    sqrt.o(i.__softfp_sqrt) refers to errno.o(i.__set_errno) for __set_errno
    sqrt.o(i.sqrt) refers (Special) to iusefp.o(.text) for __I$use$fp
    sqrt.o(i.sqrt) refers to dsqrt.o(.text) for _dsqrt
    sqrt.o(i.sqrt) refers to errno.o(i.__set_errno) for __set_errno
    sqrt_x.o(i.____softfp_sqrt$lsc) refers (Special) to iusefp.o(.text) for __I$use$fp
    sqrt_x.o(i.____softfp_sqrt$lsc) refers to cdcmple.o(.text) for __aeabi_cdcmple
    sqrt_x.o(i.____softfp_sqrt$lsc) refers to errno.o(i.__set_errno) for __set_errno
    sqrt_x.o(i.____softfp_sqrt$lsc) refers to dsqrt.o(.text) for _dsqrt
    sqrt_x.o(i.__sqrt$lsc) refers (Special) to iusefp.o(.text) for __I$use$fp
    sqrt_x.o(i.__sqrt$lsc) refers to cdcmple.o(.text) for __aeabi_cdcmple
    sqrt_x.o(i.__sqrt$lsc) refers to errno.o(i.__set_errno) for __set_errno
    sqrt_x.o(i.__sqrt$lsc) refers to dsqrt.o(.text) for _dsqrt
    entry.o(.ARM.Collect$$$$00000000) refers (Special) to entry10a.o(.ARM.Collect$$$$0000000D) for __rt_final_cpp
    entry.o(.ARM.Collect$$$$00000000) refers (Special) to entry11a.o(.ARM.Collect$$$$0000000F) for __rt_final_exit
    entry.o(.ARM.Collect$$$$00000000) refers (Special) to entry7b.o(.ARM.Collect$$$$00000008) for _main_clock
    entry.o(.ARM.Collect$$$$00000000) refers (Special) to entry8b.o(.ARM.Collect$$$$0000000A) for _main_cpp_init
    entry.o(.ARM.Collect$$$$00000000) refers (Special) to entry9a.o(.ARM.Collect$$$$0000000B) for _main_init
    entry.o(.ARM.Collect$$$$00000000) refers (Special) to entry5.o(.ARM.Collect$$$$00000004) for _main_scatterload
    entry.o(.ARM.Collect$$$$00000000) refers (Special) to entry2.o(.ARM.Collect$$$$00000001) for _main_stk
    dfltui.o(.text) refers (Special) to iusefp.o(.text) for __I$use$fp
    dfltui.o(.text) refers to depilogue.o(.text) for _double_epilogue
    dfixui.o(.text) refers (Special) to iusefp.o(.text) for __I$use$fp
    dfixui.o(.text) refers to llushr.o(.text) for __aeabi_llsr
    entry2.o(.ARM.Collect$$$$00000001) refers to entry2.o(.ARM.Collect$$$$00002712) for __lit__00000000
    entry2.o(.ARM.Collect$$$$00002712) refers to startup_stm32f10x_md.o(STACK) for __initial_sp
    entry2.o(__vectab_stack_and_reset_area) refers to startup_stm32f10x_md.o(STACK) for __initial_sp
    entry2.o(__vectab_stack_and_reset_area) refers to entry.o(.ARM.Collect$$$$00000000) for __main
    entry5.o(.ARM.Collect$$$$00000004) refers to init.o(.text) for __scatterload
    entry9a.o(.ARM.Collect$$$$0000000B) refers to main.o(i.main) for main
    entry9b.o(.ARM.Collect$$$$0000000C) refers to main.o(i.main) for main
    errno.o(i.__aeabi_errno_addr) refers to errno.o(.data) for .data
    errno.o(i.__read_errno) refers to errno.o(.data) for .data
    errno.o(i.__set_errno) refers to errno.o(.data) for .data
    depilogue.o(.text) refers to llshl.o(.text) for __aeabi_llsl
    depilogue.o(.text) refers to llushr.o(.text) for __aeabi_llsr
    dsqrt.o(.text) refers to llushr.o(.text) for __aeabi_llsr
    dsqrt.o(.text) refers to depilogue.o(.text) for _double_round
    init.o(.text) refers to entry5.o(.ARM.Collect$$$$00000004) for __main_after_scatterload


==============================================================================

Removing Unused input sections from the image.

    Removing core_cm3.o(.emb_text), (32 bytes).
    Removing startup_stm32f10x_md.o(HEAP), (512 bytes).
    Removing system_stm32f10x.o(i.SystemCoreClockUpdate), (164 bytes).
    Removing system_stm32f10x.o(.data), (20 bytes).
    Removing misc.o(i.NVIC_SetVectorTable), (20 bytes).
    Removing misc.o(i.NVIC_SystemLPConfig), (32 bytes).
    Removing stm32f10x_spi.o(i.I2S_Cmd), (24 bytes).
    Removing stm32f10x_spi.o(i.I2S_Init), (232 bytes).
    Removing stm32f10x_spi.o(i.I2S_StructInit), (20 bytes).
    Removing stm32f10x_spi.o(i.SPI_BiDirectionalLineConfig), (28 bytes).
    Removing stm32f10x_spi.o(i.SPI_CalculateCRC), (24 bytes).
    Removing stm32f10x_spi.o(i.SPI_DataSizeConfig), (18 bytes).
    Removing stm32f10x_spi.o(i.SPI_GetCRC), (16 bytes).
    Removing stm32f10x_spi.o(i.SPI_GetCRCPolynomial), (6 bytes).
    Removing stm32f10x_spi.o(i.SPI_I2S_ClearFlag), (6 bytes).
    Removing stm32f10x_spi.o(i.SPI_I2S_ClearITPendingBit), (20 bytes).
    Removing stm32f10x_spi.o(i.SPI_I2S_DMACmd), (18 bytes).
    Removing stm32f10x_spi.o(i.SPI_I2S_DeInit), (88 bytes).
    Removing stm32f10x_spi.o(i.SPI_I2S_GetITStatus), (52 bytes).
    Removing stm32f10x_spi.o(i.SPI_I2S_ITConfig), (32 bytes).
    Removing stm32f10x_spi.o(i.SPI_NSSInternalSoftwareConfig), (30 bytes).
    Removing stm32f10x_spi.o(i.SPI_SSOutputCmd), (24 bytes).
    Removing stm32f10x_spi.o(i.SPI_StructInit), (24 bytes).
    Removing stm32f10x_spi.o(i.SPI_TransmitCRC), (10 bytes).
    Removing stm32f10x_exti.o(i.EXTI_ClearFlag), (12 bytes).
    Removing stm32f10x_exti.o(i.EXTI_DeInit), (36 bytes).
    Removing stm32f10x_exti.o(i.EXTI_GenerateSWInterrupt), (16 bytes).
    Removing stm32f10x_exti.o(i.EXTI_GetFlagStatus), (24 bytes).
    Removing stm32f10x_exti.o(i.EXTI_StructInit), (16 bytes).
    Removing stm32f10x_gpio.o(i.GPIO_AFIODeInit), (20 bytes).
    Removing stm32f10x_gpio.o(i.GPIO_DeInit), (200 bytes).
    Removing stm32f10x_gpio.o(i.GPIO_ETH_MediaInterfaceConfig), (12 bytes).
    Removing stm32f10x_gpio.o(i.GPIO_EventOutputCmd), (12 bytes).
    Removing stm32f10x_gpio.o(i.GPIO_EventOutputConfig), (32 bytes).
    Removing stm32f10x_gpio.o(i.GPIO_PinLockConfig), (18 bytes).
    Removing stm32f10x_gpio.o(i.GPIO_PinRemapConfig), (144 bytes).
    Removing stm32f10x_gpio.o(i.GPIO_ReadInputData), (8 bytes).
    Removing stm32f10x_gpio.o(i.GPIO_ReadInputDataBit), (18 bytes).
    Removing stm32f10x_gpio.o(i.GPIO_ReadOutputData), (8 bytes).
    Removing stm32f10x_gpio.o(i.GPIO_ReadOutputDataBit), (18 bytes).
    Removing stm32f10x_gpio.o(i.GPIO_StructInit), (16 bytes).
    Removing stm32f10x_gpio.o(i.GPIO_Write), (4 bytes).
    Removing stm32f10x_gpio.o(i.GPIO_WriteBit), (10 bytes).
    Removing stm32f10x_rcc.o(i.RCC_ADCCLKConfig), (24 bytes).
    Removing stm32f10x_rcc.o(i.RCC_AHBPeriphClockCmd), (32 bytes).
    Removing stm32f10x_rcc.o(i.RCC_APB1PeriphClockCmd), (32 bytes).
    Removing stm32f10x_rcc.o(i.RCC_APB1PeriphResetCmd), (32 bytes).
    Removing stm32f10x_rcc.o(i.RCC_APB2PeriphResetCmd), (32 bytes).
    Removing stm32f10x_rcc.o(i.RCC_AdjustHSICalibrationValue), (24 bytes).
    Removing stm32f10x_rcc.o(i.RCC_BackupResetCmd), (12 bytes).
    Removing stm32f10x_rcc.o(i.RCC_ClearFlag), (20 bytes).
    Removing stm32f10x_rcc.o(i.RCC_ClearITPendingBit), (12 bytes).
    Removing stm32f10x_rcc.o(i.RCC_ClockSecuritySystemCmd), (12 bytes).
    Removing stm32f10x_rcc.o(i.RCC_DeInit), (76 bytes).
    Removing stm32f10x_rcc.o(i.RCC_GetFlagStatus), (60 bytes).
    Removing stm32f10x_rcc.o(i.RCC_GetITStatus), (24 bytes).
    Removing stm32f10x_rcc.o(i.RCC_GetSYSCLKSource), (16 bytes).
    Removing stm32f10x_rcc.o(i.RCC_HCLKConfig), (24 bytes).
    Removing stm32f10x_rcc.o(i.RCC_HSEConfig), (76 bytes).
    Removing stm32f10x_rcc.o(i.RCC_HSICmd), (12 bytes).
    Removing stm32f10x_rcc.o(i.RCC_ITConfig), (32 bytes).
    Removing stm32f10x_rcc.o(i.RCC_LSEConfig), (52 bytes).
    Removing stm32f10x_rcc.o(i.RCC_LSICmd), (12 bytes).
    Removing stm32f10x_rcc.o(i.RCC_MCOConfig), (12 bytes).
    Removing stm32f10x_rcc.o(i.RCC_PCLK1Config), (24 bytes).
    Removing stm32f10x_rcc.o(i.RCC_PCLK2Config), (24 bytes).
    Removing stm32f10x_rcc.o(i.RCC_PLLCmd), (12 bytes).
    Removing stm32f10x_rcc.o(i.RCC_PLLConfig), (28 bytes).
    Removing stm32f10x_rcc.o(i.RCC_RTCCLKCmd), (12 bytes).
    Removing stm32f10x_rcc.o(i.RCC_RTCCLKConfig), (16 bytes).
    Removing stm32f10x_rcc.o(i.RCC_SYSCLKConfig), (24 bytes).
    Removing stm32f10x_rcc.o(i.RCC_USBCLKConfig), (12 bytes).
    Removing stm32f10x_rcc.o(i.RCC_WaitForHSEStartUp), (56 bytes).
    Removing stm32f10x_usart.o(i.USART_ClearITPendingBit), (30 bytes).
    Removing stm32f10x_usart.o(i.USART_ClockInit), (34 bytes).
    Removing stm32f10x_usart.o(i.USART_ClockStructInit), (12 bytes).
    Removing stm32f10x_usart.o(i.USART_DMACmd), (18 bytes).
    Removing stm32f10x_usart.o(i.USART_DeInit), (156 bytes).
    Removing stm32f10x_usart.o(i.USART_HalfDuplexCmd), (24 bytes).
    Removing stm32f10x_usart.o(i.USART_IrDACmd), (24 bytes).
    Removing stm32f10x_usart.o(i.USART_IrDAConfig), (18 bytes).
    Removing stm32f10x_usart.o(i.USART_LINBreakDetectLengthConfig), (18 bytes).
    Removing stm32f10x_usart.o(i.USART_LINCmd), (24 bytes).
    Removing stm32f10x_usart.o(i.USART_OneBitMethodCmd), (24 bytes).
    Removing stm32f10x_usart.o(i.USART_OverSampling8Cmd), (22 bytes).
    Removing stm32f10x_usart.o(i.USART_ReceiverWakeUpCmd), (24 bytes).
    Removing stm32f10x_usart.o(i.USART_SendBreak), (10 bytes).
    Removing stm32f10x_usart.o(i.USART_SendData), (8 bytes).
    Removing stm32f10x_usart.o(i.USART_SetAddress), (18 bytes).
    Removing stm32f10x_usart.o(i.USART_SetGuardTime), (16 bytes).
    Removing stm32f10x_usart.o(i.USART_SetPrescaler), (16 bytes).
    Removing stm32f10x_usart.o(i.USART_SmartCardCmd), (24 bytes).
    Removing stm32f10x_usart.o(i.USART_SmartCardNACKCmd), (24 bytes).
    Removing stm32f10x_usart.o(i.USART_StructInit), (24 bytes).
    Removing stm32f10x_usart.o(i.USART_WakeUpConfig), (18 bytes).
    Removing delay.o(i.delay_us), (60 bytes).
    Removing usart.o(i.USART_Send_bytes), (28 bytes).
    Removing cdcmple.o(.text), (40 bytes).

98 unused section(s) (total 3626 bytes) removed from the image.

==============================================================================

Image Symbol Table

    Local Symbols

    Symbol Name                              Value     Ov Type        Size  Object(Section)

    ../clib/microlib/errno.c                 0x00000000   Number         0  errno.o ABSOLUTE
    ../clib/microlib/init/entry.s            0x00000000   Number         0  entry7b.o ABSOLUTE
    ../clib/microlib/init/entry.s            0x00000000   Number         0  entry9a.o ABSOLUTE
    ../clib/microlib/init/entry.s            0x00000000   Number         0  entry8b.o ABSOLUTE
    ../clib/microlib/init/entry.s            0x00000000   Number         0  entry8a.o ABSOLUTE
    ../clib/microlib/init/entry.s            0x00000000   Number         0  entry7a.o ABSOLUTE
    ../clib/microlib/init/entry.s            0x00000000   Number         0  entry2.o ABSOLUTE
    ../clib/microlib/init/entry.s            0x00000000   Number         0  entry5.o ABSOLUTE
    ../clib/microlib/init/entry.s            0x00000000   Number         0  entry10a.o ABSOLUTE
    ../clib/microlib/init/entry.s            0x00000000   Number         0  entry11b.o ABSOLUTE
    ../clib/microlib/init/entry.s            0x00000000   Number         0  entry11a.o ABSOLUTE
    ../clib/microlib/init/entry.s            0x00000000   Number         0  entry10b.o ABSOLUTE
    ../clib/microlib/init/entry.s            0x00000000   Number         0  entry9b.o ABSOLUTE
    ../clib/microlib/init/entry.s            0x00000000   Number         0  entry.o ABSOLUTE
    ../clib/microlib/longlong.c              0x00000000   Number         0  llshl.o ABSOLUTE
    ../clib/microlib/longlong.c              0x00000000   Number         0  llushr.o ABSOLUTE
    ../clib/microlib/string/memcpy.c         0x00000000   Number         0  memcpya.o ABSOLUTE
    ../clib/microlib/string/memcpy.c         0x00000000   Number         0  memcpyb.o ABSOLUTE
    ../clib/microlib/string/memset.c         0x00000000   Number         0  memseta.o ABSOLUTE
    ../clib/microlib/stubs.s                 0x00000000   Number         0  iusefp.o ABSOLUTE
    ../fplib/microlib/fpepilogue.c           0x00000000   Number         0  depilogue.o ABSOLUTE
    ../fplib/microlib/fpfix.c                0x00000000   Number         0  dfixui.o ABSOLUTE
    ../fplib/microlib/fpflt.c                0x00000000   Number         0  dfltui.o ABSOLUTE
    ../fplib/microlib/fpsqrt.c               0x00000000   Number         0  dsqrt.o ABSOLUTE
    ../mathlib/sqrt.c                        0x00000000   Number         0  sqrt.o ABSOLUTE
    ../mathlib/sqrt.c                        0x00000000   Number         0  sqrt_x.o ABSOLUTE
    ..\Libraries\CMSIS\CM3\CoreSupport\core_cm3.c 0x00000000   Number         0  core_cm3.o ABSOLUTE
    ..\Libraries\CMSIS\CM3\DeviceSupport\ST\STM32F10x\startup\arm\startup_stm32f10x_md.s 0x00000000   Number         0  startup_stm32f10x_md.o ABSOLUTE
    ..\Libraries\CMSIS\CM3\DeviceSupport\ST\STM32F10x\system_stm32f10x.c 0x00000000   Number         0  system_stm32f10x.o ABSOLUTE
    ..\Libraries\STM32F10x_StdPeriph_Driver\src\misc.c 0x00000000   Number         0  misc.o ABSOLUTE
    ..\Libraries\STM32F10x_StdPeriph_Driver\src\stm32f10x_exti.c 0x00000000   Number         0  stm32f10x_exti.o ABSOLUTE
    ..\Libraries\STM32F10x_StdPeriph_Driver\src\stm32f10x_gpio.c 0x00000000   Number         0  stm32f10x_gpio.o ABSOLUTE
    ..\Libraries\STM32F10x_StdPeriph_Driver\src\stm32f10x_rcc.c 0x00000000   Number         0  stm32f10x_rcc.o ABSOLUTE
    ..\Libraries\STM32F10x_StdPeriph_Driver\src\stm32f10x_spi.c 0x00000000   Number         0  stm32f10x_spi.o ABSOLUTE
    ..\Libraries\STM32F10x_StdPeriph_Driver\src\stm32f10x_usart.c 0x00000000   Number         0  stm32f10x_usart.o ABSOLUTE
    ..\Peripherals\src\LED.c                 0x00000000   Number         0  led.o ABSOLUTE
    ..\Peripherals\src\delay.c               0x00000000   Number         0  delay.o ABSOLUTE
    ..\Peripherals\src\exti.c                0x00000000   Number         0  exti.o ABSOLUTE
    ..\Peripherals\src\spi.c                 0x00000000   Number         0  spi.o ABSOLUTE
    ..\Peripherals\src\stm32f10x_it.c        0x00000000   Number         0  stm32f10x_it.o ABSOLUTE
    ..\Peripherals\src\usart.c               0x00000000   Number         0  usart.o ABSOLUTE
    ..\\Libraries\\CMSIS\\CM3\\CoreSupport\\core_cm3.c 0x00000000   Number         0  core_cm3.o ABSOLUTE
    cdcmple.s                                0x00000000   Number         0  cdcmple.o ABSOLUTE
    dc.s                                     0x00000000   Number         0  dc.o ABSOLUTE
    handlers.s                               0x00000000   Number         0  handlers.o ABSOLUTE
    init.s                                   0x00000000   Number         0  init.o ABSOLUTE
    main.c                                   0x00000000   Number         0  main.o ABSOLUTE
    RESET                                    0x08000000   Section      236  startup_stm32f10x_md.o(RESET)
    .ARM.Collect$$$$00000000                 0x080000ec   Section        0  entry.o(.ARM.Collect$$$$00000000)
    .ARM.Collect$$$$00000001                 0x080000ec   Section        4  entry2.o(.ARM.Collect$$$$00000001)
    .ARM.Collect$$$$00000004                 0x080000f0   Section        4  entry5.o(.ARM.Collect$$$$00000004)
    .ARM.Collect$$$$00000008                 0x080000f4   Section        0  entry7b.o(.ARM.Collect$$$$00000008)
    .ARM.Collect$$$$0000000A                 0x080000f4   Section        0  entry8b.o(.ARM.Collect$$$$0000000A)
    .ARM.Collect$$$$0000000B                 0x080000f4   Section        8  entry9a.o(.ARM.Collect$$$$0000000B)
    .ARM.Collect$$$$0000000D                 0x080000fc   Section        0  entry10a.o(.ARM.Collect$$$$0000000D)
    .ARM.Collect$$$$0000000F                 0x080000fc   Section        0  entry11a.o(.ARM.Collect$$$$0000000F)
    .ARM.Collect$$$$00002712                 0x080000fc   Section        4  entry2.o(.ARM.Collect$$$$00002712)
    __lit__00000000                          0x080000fc   Data           4  entry2.o(.ARM.Collect$$$$00002712)
    .text                                    0x08000100   Section       36  startup_stm32f10x_md.o(.text)
    .text                                    0x08000124   Section        0  memcpya.o(.text)
    .text                                    0x08000148   Section        0  memseta.o(.text)
    .text                                    0x0800016c   Section        0  dfltui.o(.text)
    .text                                    0x08000186   Section        0  dfixui.o(.text)
    .text                                    0x080001b8   Section        0  llushr.o(.text)
    .text                                    0x080001d8   Section        0  iusefp.o(.text)
    .text                                    0x080001d8   Section        0  depilogue.o(.text)
    .text                                    0x0800028e   Section        0  dsqrt.o(.text)
    .text                                    0x08000330   Section       36  init.o(.text)
    .text                                    0x08000354   Section        0  llshl.o(.text)
    i.BusFault_Handler                       0x08000372   Section        0  stm32f10x_it.o(i.BusFault_Handler)
    i.CHeck                                  0x08000378   Section        0  usart.o(i.CHeck)
    i.DebugMon_Handler                       0x08000518   Section        0  stm32f10x_it.o(i.DebugMon_Handler)
    i.EXTI9_5_IRQHandler                     0x0800051c   Section        0  stm32f10x_it.o(i.EXTI9_5_IRQHandler)
    i.EXTI_ClearITPendingBit                 0x0800054c   Section        0  stm32f10x_exti.o(i.EXTI_ClearITPendingBit)
    i.EXTI_GetITStatus                       0x08000558   Section        0  stm32f10x_exti.o(i.EXTI_GetITStatus)
    i.EXTI_Init                              0x08000580   Section        0  stm32f10x_exti.o(i.EXTI_Init)
    i.Exti_Int                               0x08000614   Section        0  exti.o(i.Exti_Int)
    i.GPIO_EXTILineConfig                    0x08000674   Section        0  stm32f10x_gpio.o(i.GPIO_EXTILineConfig)
    i.GPIO_Init                              0x080006b4   Section        0  stm32f10x_gpio.o(i.GPIO_Init)
    i.GPIO_ResetBits                         0x080007ca   Section        0  stm32f10x_gpio.o(i.GPIO_ResetBits)
    i.GPIO_SetBits                           0x080007ce   Section        0  stm32f10x_gpio.o(i.GPIO_SetBits)
    i.HardFault_Handler                      0x080007d2   Section        0  stm32f10x_it.o(i.HardFault_Handler)
    i.LED_Int                                0x080007d6   Section        0  led.o(i.LED_Int)
    i.MemManage_Handler                      0x08000808   Section        0  stm32f10x_it.o(i.MemManage_Handler)
    i.NMI_Handler                            0x0800080c   Section        0  stm32f10x_it.o(i.NMI_Handler)
    i.NVIC_Configuration                     0x0800080e   Section        0  main.o(i.NVIC_Configuration)
    NVIC_Configuration                       0x0800080f   Thumb Code    70  main.o(i.NVIC_Configuration)
    i.NVIC_Init                              0x08000854   Section        0  misc.o(i.NVIC_Init)
    i.NVIC_PriorityGroupConfig               0x080008c4   Section        0  misc.o(i.NVIC_PriorityGroupConfig)
    i.PendSV_Handler                         0x080008d8   Section        0  stm32f10x_it.o(i.PendSV_Handler)
    i.RCC_APB2PeriphClockCmd                 0x080008dc   Section        0  stm32f10x_rcc.o(i.RCC_APB2PeriphClockCmd)
    i.RCC_GetClocksFreq                      0x080008fc   Section        0  stm32f10x_rcc.o(i.RCC_GetClocksFreq)
    i.SPI_Cmd                                0x080009d0   Section        0  stm32f10x_spi.o(i.SPI_Cmd)
    i.SPI_I2S_GetFlagStatus                  0x080009e8   Section        0  stm32f10x_spi.o(i.SPI_I2S_GetFlagStatus)
    i.SPI_I2S_ReceiveData                    0x080009fa   Section        0  stm32f10x_spi.o(i.SPI_I2S_ReceiveData)
    i.SPI_I2S_SendData                       0x08000a00   Section        0  stm32f10x_spi.o(i.SPI_I2S_SendData)
    i.SPI_Init                               0x08000a04   Section        0  stm32f10x_spi.o(i.SPI_Init)
    i.SVC_Handler                            0x08000a40   Section        0  stm32f10x_it.o(i.SVC_Handler)
    i.SetSysClock                            0x08000a42   Section        0  system_stm32f10x.o(i.SetSysClock)
    SetSysClock                              0x08000a43   Thumb Code     8  system_stm32f10x.o(i.SetSysClock)
    i.SetSysClockTo72                        0x08000a4c   Section        0  system_stm32f10x.o(i.SetSysClockTo72)
    SetSysClockTo72                          0x08000a4d   Thumb Code   214  system_stm32f10x.o(i.SetSysClockTo72)
    i.Spi1_Int                               0x08000b2c   Section        0  spi.o(i.Spi1_Int)
    i.Spi_RW                                 0x08000bd4   Section        0  spi.o(i.Spi_RW)
    Spi_RW                                   0x08000bd5   Thumb Code    50  spi.o(i.Spi_RW)
    i.Spi_read_buf                           0x08000c0c   Section        0  spi.o(i.Spi_read_buf)
    i.Spi_write_buf                          0x08000c4c   Section        0  spi.o(i.Spi_write_buf)
    i.SysTick_CLKSourceConfig                0x08000c88   Section        0  misc.o(i.SysTick_CLKSourceConfig)
    i.SysTick_Handler                        0x08000cb0   Section        0  stm32f10x_it.o(i.SysTick_Handler)
    i.SystemInit                             0x08000cb4   Section        0  system_stm32f10x.o(i.SystemInit)
    i.USART1_IRQHandler                      0x08000d14   Section        0  stm32f10x_it.o(i.USART1_IRQHandler)
    i.USART_ClearFlag                        0x08000ea0   Section        0  stm32f10x_usart.o(i.USART_ClearFlag)
    i.USART_Cmd                              0x08000eb2   Section        0  stm32f10x_usart.o(i.USART_Cmd)
    i.USART_GetFlagStatus                    0x08000eca   Section        0  stm32f10x_usart.o(i.USART_GetFlagStatus)
    i.USART_GetITStatus                      0x08000ee4   Section        0  stm32f10x_usart.o(i.USART_GetITStatus)
    i.USART_ITConfig                         0x08000f38   Section        0  stm32f10x_usart.o(i.USART_ITConfig)
    i.USART_Init                             0x08000f84   Section        0  stm32f10x_usart.o(i.USART_Init)
    i.USART_ReceiveData                      0x0800105c   Section        0  stm32f10x_usart.o(i.USART_ReceiveData)
    i.USART_Send                             0x08001066   Section        0  usart.o(i.USART_Send)
    i.USART_send_byte                        0x08001094   Section        0  usart.o(i.USART_send_byte)
    i.UsageFault_Handler                     0x080010b4   Section        0  stm32f10x_it.o(i.UsageFault_Handler)
    i.Usart_Int                              0x080010b8   Section        0  usart.o(i.Usart_Int)
    i.__scatterload_copy                     0x0800113c   Section       14  handlers.o(i.__scatterload_copy)
    i.__scatterload_null                     0x0800114a   Section        2  handlers.o(i.__scatterload_null)
    i.__scatterload_zeroinit                 0x0800114c   Section       14  handlers.o(i.__scatterload_zeroinit)
    i.__set_errno                            0x0800115c   Section        0  errno.o(i.__set_errno)
    i.delay_init                             0x08001168   Section        0  delay.o(i.delay_init)
    i.delay_ms                               0x080011a4   Section        0  delay.o(i.delay_ms)
    i.main                                   0x080011e0   Section        0  main.o(i.main)
    i.send_out                               0x080014e8   Section        0  usart.o(i.send_out)
    i.sqrt                                   0x08001564   Section        0  sqrt.o(i.sqrt)
    .data                                    0x20000000   Section       20  stm32f10x_rcc.o(.data)
    APBAHBPrescTable                         0x20000000   Data          16  stm32f10x_rcc.o(.data)
    ADCPrescTable                            0x20000010   Data           4  stm32f10x_rcc.o(.data)
    .data                                    0x20000014   Section        4  stm32f10x_it.o(.data)
    i                                        0x20000014   Data           1  stm32f10x_it.o(.data)
    rebuf                                    0x20000015   Data           3  stm32f10x_it.o(.data)
    .data                                    0x20000018   Section        4  delay.o(.data)
    Times_us                                 0x20000018   Data           1  delay.o(.data)
    Times_ms                                 0x2000001a   Data           2  delay.o(.data)
    .data                                    0x2000001c   Section        4  usart.o(.data)
    .data                                    0x20000020   Section        4  errno.o(.data)
    _errno                                   0x20000020   Data           4  errno.o(.data)
    .bss                                     0x20000024   Section       41  usart.o(.bss)
    STACK                                    0x20000050   Section     1024  startup_stm32f10x_md.o(STACK)

    Global Symbols

    Symbol Name                              Value     Ov Type        Size  Object(Section)

    BuildAttributes$$THM_ISAv4$P$D$K$B$S$PE$A:L22UL41UL21$X:L11$S22US41US21$IEEE1$IW$USESV6$~STKCKD$USESV7$~SHL$OTIME$ROPI$IEEEJ$EBA8$MICROLIB$REQ8$PRES8$EABIv2 0x00000000   Number         0  anon$$obj.o ABSOLUTE
    __ARM_use_no_argv                        0x00000000   Number         0  main.o ABSOLUTE
    __cpp_initialize__aeabi_                  - Undefined Weak Reference
    __cxa_finalize                            - Undefined Weak Reference
    __decompress                              - Undefined Weak Reference
    _clock_init                               - Undefined Weak Reference
    _microlib_exit                            - Undefined Weak Reference
    __Vectors_Size                           0x000000ec   Number         0  startup_stm32f10x_md.o ABSOLUTE
    __Vectors                                0x08000000   Data           4  startup_stm32f10x_md.o(RESET)
    __Vectors_End                            0x080000ec   Data           0  startup_stm32f10x_md.o(RESET)
    __main                                   0x080000ed   Thumb Code     0  entry.o(.ARM.Collect$$$$00000000)
    _main_stk                                0x080000ed   Thumb Code     0  entry2.o(.ARM.Collect$$$$00000001)
    _main_scatterload                        0x080000f1   Thumb Code     0  entry5.o(.ARM.Collect$$$$00000004)
    __main_after_scatterload                 0x080000f5   Thumb Code     0  entry5.o(.ARM.Collect$$$$00000004)
    _main_clock                              0x080000f5   Thumb Code     0  entry7b.o(.ARM.Collect$$$$00000008)
    _main_cpp_init                           0x080000f5   Thumb Code     0  entry8b.o(.ARM.Collect$$$$0000000A)
    _main_init                               0x080000f5   Thumb Code     0  entry9a.o(.ARM.Collect$$$$0000000B)
    __rt_final_cpp                           0x080000fd   Thumb Code     0  entry10a.o(.ARM.Collect$$$$0000000D)
    __rt_final_exit                          0x080000fd   Thumb Code     0  entry11a.o(.ARM.Collect$$$$0000000F)
    Reset_Handler                            0x08000101   Thumb Code     8  startup_stm32f10x_md.o(.text)
    ADC1_2_IRQHandler                        0x0800011b   Thumb Code     0  startup_stm32f10x_md.o(.text)
    CAN1_RX1_IRQHandler                      0x0800011b   Thumb Code     0  startup_stm32f10x_md.o(.text)
    CAN1_SCE_IRQHandler                      0x0800011b   Thumb Code     0  startup_stm32f10x_md.o(.text)
    DMA1_Channel1_IRQHandler                 0x0800011b   Thumb Code     0  startup_stm32f10x_md.o(.text)
    DMA1_Channel2_IRQHandler                 0x0800011b   Thumb Code     0  startup_stm32f10x_md.o(.text)
    DMA1_Channel3_IRQHandler                 0x0800011b   Thumb Code     0  startup_stm32f10x_md.o(.text)
    DMA1_Channel4_IRQHandler                 0x0800011b   Thumb Code     0  startup_stm32f10x_md.o(.text)
    DMA1_Channel5_IRQHandler                 0x0800011b   Thumb Code     0  startup_stm32f10x_md.o(.text)
    DMA1_Channel6_IRQHandler                 0x0800011b   Thumb Code     0  startup_stm32f10x_md.o(.text)
    DMA1_Channel7_IRQHandler                 0x0800011b   Thumb Code     0  startup_stm32f10x_md.o(.text)
    EXTI0_IRQHandler                         0x0800011b   Thumb Code     0  startup_stm32f10x_md.o(.text)
    EXTI15_10_IRQHandler                     0x0800011b   Thumb Code     0  startup_stm32f10x_md.o(.text)
    EXTI1_IRQHandler                         0x0800011b   Thumb Code     0  startup_stm32f10x_md.o(.text)
    EXTI2_IRQHandler                         0x0800011b   Thumb Code     0  startup_stm32f10x_md.o(.text)
    EXTI3_IRQHandler                         0x0800011b   Thumb Code     0  startup_stm32f10x_md.o(.text)
    EXTI4_IRQHandler                         0x0800011b   Thumb Code     0  startup_stm32f10x_md.o(.text)
    FLASH_IRQHandler                         0x0800011b   Thumb Code     0  startup_stm32f10x_md.o(.text)
    I2C1_ER_IRQHandler                       0x0800011b   Thumb Code     0  startup_stm32f10x_md.o(.text)
    I2C1_EV_IRQHandler                       0x0800011b   Thumb Code     0  startup_stm32f10x_md.o(.text)
    I2C2_ER_IRQHandler                       0x0800011b   Thumb Code     0  startup_stm32f10x_md.o(.text)
    I2C2_EV_IRQHandler                       0x0800011b   Thumb Code     0  startup_stm32f10x_md.o(.text)
    PVD_IRQHandler                           0x0800011b   Thumb Code     0  startup_stm32f10x_md.o(.text)
    RCC_IRQHandler                           0x0800011b   Thumb Code     0  startup_stm32f10x_md.o(.text)
    RTCAlarm_IRQHandler                      0x0800011b   Thumb Code     0  startup_stm32f10x_md.o(.text)
    RTC_IRQHandler                           0x0800011b   Thumb Code     0  startup_stm32f10x_md.o(.text)
    SPI1_IRQHandler                          0x0800011b   Thumb Code     0  startup_stm32f10x_md.o(.text)
    SPI2_IRQHandler                          0x0800011b   Thumb Code     0  startup_stm32f10x_md.o(.text)
    TAMPER_IRQHandler                        0x0800011b   Thumb Code     0  startup_stm32f10x_md.o(.text)
    TIM1_BRK_IRQHandler                      0x0800011b   Thumb Code     0  startup_stm32f10x_md.o(.text)
    TIM1_CC_IRQHandler                       0x0800011b   Thumb Code     0  startup_stm32f10x_md.o(.text)
    TIM1_TRG_COM_IRQHandler                  0x0800011b   Thumb Code     0  startup_stm32f10x_md.o(.text)
    TIM1_UP_IRQHandler                       0x0800011b   Thumb Code     0  startup_stm32f10x_md.o(.text)
    TIM2_IRQHandler                          0x0800011b   Thumb Code     0  startup_stm32f10x_md.o(.text)
    TIM3_IRQHandler                          0x0800011b   Thumb Code     0  startup_stm32f10x_md.o(.text)
    TIM4_IRQHandler                          0x0800011b   Thumb Code     0  startup_stm32f10x_md.o(.text)
    USART2_IRQHandler                        0x0800011b   Thumb Code     0  startup_stm32f10x_md.o(.text)
    USART3_IRQHandler                        0x0800011b   Thumb Code     0  startup_stm32f10x_md.o(.text)
    USBWakeUp_IRQHandler                     0x0800011b   Thumb Code     0  startup_stm32f10x_md.o(.text)
    USB_HP_CAN1_TX_IRQHandler                0x0800011b   Thumb Code     0  startup_stm32f10x_md.o(.text)
    USB_LP_CAN1_RX0_IRQHandler               0x0800011b   Thumb Code     0  startup_stm32f10x_md.o(.text)
    WWDG_IRQHandler                          0x0800011b   Thumb Code     0  startup_stm32f10x_md.o(.text)
    __aeabi_memcpy                           0x08000125   Thumb Code    36  memcpya.o(.text)
    __aeabi_memcpy4                          0x08000125   Thumb Code     0  memcpya.o(.text)
    __aeabi_memcpy8                          0x08000125   Thumb Code     0  memcpya.o(.text)
    __aeabi_memset                           0x08000149   Thumb Code    14  memseta.o(.text)
    __aeabi_memset4                          0x08000149   Thumb Code     0  memseta.o(.text)
    __aeabi_memset8                          0x08000149   Thumb Code     0  memseta.o(.text)
    __aeabi_memclr                           0x08000157   Thumb Code     4  memseta.o(.text)
    __aeabi_memclr4                          0x08000157   Thumb Code     0  memseta.o(.text)
    __aeabi_memclr8                          0x08000157   Thumb Code     0  memseta.o(.text)
    _memset$wrapper                          0x0800015b   Thumb Code    18  memseta.o(.text)
    __aeabi_ui2d                             0x0800016d   Thumb Code    26  dfltui.o(.text)
    __aeabi_d2uiz                            0x08000187   Thumb Code    50  dfixui.o(.text)
    __aeabi_llsr                             0x080001b9   Thumb Code    32  llushr.o(.text)
    _ll_ushift_r                             0x080001b9   Thumb Code     0  llushr.o(.text)
    __I$use$fp                               0x080001d9   Thumb Code     0  iusefp.o(.text)
    _double_round                            0x080001d9   Thumb Code    26  depilogue.o(.text)
    _double_epilogue                         0x080001f3   Thumb Code   156  depilogue.o(.text)
    _dsqrt                                   0x0800028f   Thumb Code   162  dsqrt.o(.text)
    __scatterload                            0x08000331   Thumb Code    28  init.o(.text)
    __scatterload_rt2                        0x08000331   Thumb Code     0  init.o(.text)
    __aeabi_llsl                             0x08000355   Thumb Code    30  llshl.o(.text)
    _ll_shift_l                              0x08000355   Thumb Code     0  llshl.o(.text)
    BusFault_Handler                         0x08000373   Thumb Code     4  stm32f10x_it.o(i.BusFault_Handler)
    CHeck                                    0x08000379   Thumb Code   408  usart.o(i.CHeck)
    DebugMon_Handler                         0x08000519   Thumb Code     2  stm32f10x_it.o(i.DebugMon_Handler)
    EXTI9_5_IRQHandler                       0x0800051d   Thumb Code    40  stm32f10x_it.o(i.EXTI9_5_IRQHandler)
    EXTI_ClearITPendingBit                   0x0800054d   Thumb Code     6  stm32f10x_exti.o(i.EXTI_ClearITPendingBit)
    EXTI_GetITStatus                         0x08000559   Thumb Code    34  stm32f10x_exti.o(i.EXTI_GetITStatus)
    EXTI_Init                                0x08000581   Thumb Code   142  stm32f10x_exti.o(i.EXTI_Init)
    Exti_Int                                 0x08000615   Thumb Code    96  exti.o(i.Exti_Int)
    GPIO_EXTILineConfig                      0x08000675   Thumb Code    60  stm32f10x_gpio.o(i.GPIO_EXTILineConfig)
    GPIO_Init                                0x080006b5   Thumb Code   278  stm32f10x_gpio.o(i.GPIO_Init)
    GPIO_ResetBits                           0x080007cb   Thumb Code     4  stm32f10x_gpio.o(i.GPIO_ResetBits)
    GPIO_SetBits                             0x080007cf   Thumb Code     4  stm32f10x_gpio.o(i.GPIO_SetBits)
    HardFault_Handler                        0x080007d3   Thumb Code     4  stm32f10x_it.o(i.HardFault_Handler)
    LED_Int                                  0x080007d7   Thumb Code    50  led.o(i.LED_Int)
    MemManage_Handler                        0x08000809   Thumb Code     4  stm32f10x_it.o(i.MemManage_Handler)
    NMI_Handler                              0x0800080d   Thumb Code     2  stm32f10x_it.o(i.NMI_Handler)
    NVIC_Init                                0x08000855   Thumb Code   100  misc.o(i.NVIC_Init)
    NVIC_PriorityGroupConfig                 0x080008c5   Thumb Code    10  misc.o(i.NVIC_PriorityGroupConfig)
    PendSV_Handler                           0x080008d9   Thumb Code     2  stm32f10x_it.o(i.PendSV_Handler)
    RCC_APB2PeriphClockCmd                   0x080008dd   Thumb Code    26  stm32f10x_rcc.o(i.RCC_APB2PeriphClockCmd)
    RCC_GetClocksFreq                        0x080008fd   Thumb Code   192  stm32f10x_rcc.o(i.RCC_GetClocksFreq)
    SPI_Cmd                                  0x080009d1   Thumb Code    24  stm32f10x_spi.o(i.SPI_Cmd)
    SPI_I2S_GetFlagStatus                    0x080009e9   Thumb Code    18  stm32f10x_spi.o(i.SPI_I2S_GetFlagStatus)
    SPI_I2S_ReceiveData                      0x080009fb   Thumb Code     6  stm32f10x_spi.o(i.SPI_I2S_ReceiveData)
    SPI_I2S_SendData                         0x08000a01   Thumb Code     4  stm32f10x_spi.o(i.SPI_I2S_SendData)
    SPI_Init                                 0x08000a05   Thumb Code    60  stm32f10x_spi.o(i.SPI_Init)
    SVC_Handler                              0x08000a41   Thumb Code     2  stm32f10x_it.o(i.SVC_Handler)
    Spi1_Int                                 0x08000b2d   Thumb Code   158  spi.o(i.Spi1_Int)
    Spi_read_buf                             0x08000c0d   Thumb Code    58  spi.o(i.Spi_read_buf)
    Spi_write_buf                            0x08000c4d   Thumb Code    56  spi.o(i.Spi_write_buf)
    SysTick_CLKSourceConfig                  0x08000c89   Thumb Code    40  misc.o(i.SysTick_CLKSourceConfig)
    SysTick_Handler                          0x08000cb1   Thumb Code     2  stm32f10x_it.o(i.SysTick_Handler)
    SystemInit                               0x08000cb5   Thumb Code    78  system_stm32f10x.o(i.SystemInit)
    USART1_IRQHandler                        0x08000d15   Thumb Code   372  stm32f10x_it.o(i.USART1_IRQHandler)
    USART_ClearFlag                          0x08000ea1   Thumb Code    18  stm32f10x_usart.o(i.USART_ClearFlag)
    USART_Cmd                                0x08000eb3   Thumb Code    24  stm32f10x_usart.o(i.USART_Cmd)
    USART_GetFlagStatus                      0x08000ecb   Thumb Code    26  stm32f10x_usart.o(i.USART_GetFlagStatus)
    USART_GetITStatus                        0x08000ee5   Thumb Code    84  stm32f10x_usart.o(i.USART_GetITStatus)
    USART_ITConfig                           0x08000f39   Thumb Code    74  stm32f10x_usart.o(i.USART_ITConfig)
    USART_Init                               0x08000f85   Thumb Code   210  stm32f10x_usart.o(i.USART_Init)
    USART_ReceiveData                        0x0800105d   Thumb Code    10  stm32f10x_usart.o(i.USART_ReceiveData)
    USART_Send                               0x08001067   Thumb Code    46  usart.o(i.USART_Send)
    USART_send_byte                          0x08001095   Thumb Code    26  usart.o(i.USART_send_byte)
    UsageFault_Handler                       0x080010b5   Thumb Code     4  stm32f10x_it.o(i.UsageFault_Handler)
    Usart_Int                                0x080010b9   Thumb Code   124  usart.o(i.Usart_Int)
    __scatterload_copy                       0x0800113d   Thumb Code    14  handlers.o(i.__scatterload_copy)
    __scatterload_null                       0x0800114b   Thumb Code     2  handlers.o(i.__scatterload_null)
    __scatterload_zeroinit                   0x0800114d   Thumb Code    14  handlers.o(i.__scatterload_zeroinit)
    __set_errno                              0x0800115d   Thumb Code     6  errno.o(i.__set_errno)
    delay_init                               0x08001169   Thumb Code    52  delay.o(i.delay_init)
    delay_ms                                 0x080011a5   Thumb Code    56  delay.o(i.delay_ms)
    main                                     0x080011e1   Thumb Code   760  main.o(i.main)
    send_out                                 0x080014e9   Thumb Code   124  usart.o(i.send_out)
    sqrt                                     0x08001565   Thumb Code    76  sqrt.o(i.sqrt)
    Region$$Table$$Base                      0x080015b0   Number         0  anon$$obj.o(Region$$Table)
    Region$$Table$$Limit                     0x080015d0   Number         0  anon$$obj.o(Region$$Table)
    KEY                                      0x2000001c   Data           1  usart.o(.data)
    read_key                                 0x2000001d   Data           1  usart.o(.data)
    stata_reg                                0x2000001e   Data           1  usart.o(.data)
    BIT                                      0x2000001f   Data           1  usart.o(.data)
    ACM_BUF                                  0x20000024   Data          41  usart.o(.bss)
    __initial_sp                             0x20000450   Data           0  startup_stm32f10x_md.o(STACK)



==============================================================================

Memory Map of the image

  Image Entry point : 0x080000ed

  Load Region LR_IROM1 (Base: 0x08000000, Size: 0x000015f4, Max: 0x00010000, ABSOLUTE)

    Execution Region ER_IROM1 (Base: 0x08000000, Size: 0x000015d0, Max: 0x00010000, ABSOLUTE)

    Base Addr    Size         Type   Attr      Idx    E Section Name        Object

    0x08000000   0x000000ec   Data   RO           19    RESET               startup_stm32f10x_md.o
    0x080000ec   0x00000000   Code   RO         1070  * .ARM.Collect$$$$00000000  mc_w.l(entry.o)
    0x080000ec   0x00000004   Code   RO         1083    .ARM.Collect$$$$00000001  mc_w.l(entry2.o)
    0x080000f0   0x00000004   Code   RO         1086    .ARM.Collect$$$$00000004  mc_w.l(entry5.o)
    0x080000f4   0x00000000   Code   RO         1088    .ARM.Collect$$$$00000008  mc_w.l(entry7b.o)
    0x080000f4   0x00000000   Code   RO         1090    .ARM.Collect$$$$0000000A  mc_w.l(entry8b.o)
    0x080000f4   0x00000008   Code   RO         1091    .ARM.Collect$$$$0000000B  mc_w.l(entry9a.o)
    0x080000fc   0x00000000   Code   RO         1093    .ARM.Collect$$$$0000000D  mc_w.l(entry10a.o)
    0x080000fc   0x00000000   Code   RO         1095    .ARM.Collect$$$$0000000F  mc_w.l(entry11a.o)
    0x080000fc   0x00000004   Code   RO         1084    .ARM.Collect$$$$00002712  mc_w.l(entry2.o)
    0x08000100   0x00000024   Code   RO           20    .text               startup_stm32f10x_md.o
    0x08000124   0x00000024   Code   RO         1073    .text               mc_w.l(memcpya.o)
    0x08000148   0x00000024   Code   RO         1075    .text               mc_w.l(memseta.o)
    0x0800016c   0x0000001a   Code   RO         1079    .text               mf_w.l(dfltui.o)
    0x08000186   0x00000032   Code   RO         1081    .text               mf_w.l(dfixui.o)
    0x080001b8   0x00000020   Code   RO         1097    .text               mc_w.l(llushr.o)
    0x080001d8   0x00000000   Code   RO         1106    .text               mc_w.l(iusefp.o)
    0x080001d8   0x000000b6   Code   RO         1107    .text               mf_w.l(depilogue.o)
    0x0800028e   0x000000a2   Code   RO         1109    .text               mf_w.l(dsqrt.o)
    0x08000330   0x00000024   Code   RO         1113    .text               mc_w.l(init.o)
    0x08000354   0x0000001e   Code   RO         1115    .text               mc_w.l(llshl.o)
    0x08000372   0x00000004   Code   RO          869    i.BusFault_Handler  stm32f10x_it.o
    0x08000376   0x00000002   PAD
    0x08000378   0x000001a0   Code   RO          978    i.CHeck             usart.o
    0x08000518   0x00000002   Code   RO          870    i.DebugMon_Handler  stm32f10x_it.o
    0x0800051a   0x00000002   PAD
    0x0800051c   0x00000030   Code   RO          871    i.EXTI9_5_IRQHandler  stm32f10x_it.o
    0x0800054c   0x0000000c   Code   RO          271    i.EXTI_ClearITPendingBit  stm32f10x_exti.o
    0x08000558   0x00000028   Code   RO          275    i.EXTI_GetITStatus  stm32f10x_exti.o
    0x08000580   0x00000094   Code   RO          276    i.EXTI_Init         stm32f10x_exti.o
    0x08000614   0x00000060   Code   RO          818    i.Exti_Int          exti.o
    0x08000674   0x00000040   Code   RO          327    i.GPIO_EXTILineConfig  stm32f10x_gpio.o
    0x080006b4   0x00000116   Code   RO          330    i.GPIO_Init         stm32f10x_gpio.o
    0x080007ca   0x00000004   Code   RO          337    i.GPIO_ResetBits    stm32f10x_gpio.o
    0x080007ce   0x00000004   Code   RO          338    i.GPIO_SetBits      stm32f10x_gpio.o
    0x080007d2   0x00000004   Code   RO          872    i.HardFault_Handler  stm32f10x_it.o
    0x080007d6   0x00000032   Code   RO         1030    i.LED_Int           led.o
    0x08000808   0x00000004   Code   RO          873    i.MemManage_Handler  stm32f10x_it.o
    0x0800080c   0x00000002   Code   RO          874    i.NMI_Handler       stm32f10x_it.o
    0x0800080e   0x00000046   Code   RO         1045    i.NVIC_Configuration  main.o
    0x08000854   0x00000070   Code   RO           86    i.NVIC_Init         misc.o
    0x080008c4   0x00000014   Code   RO           87    i.NVIC_PriorityGroupConfig  misc.o
    0x080008d8   0x00000002   Code   RO          875    i.PendSV_Handler    stm32f10x_it.o
    0x080008da   0x00000002   PAD
    0x080008dc   0x00000020   Code   RO          442    i.RCC_APB2PeriphClockCmd  stm32f10x_rcc.o
    0x080008fc   0x000000d4   Code   RO          450    i.RCC_GetClocksFreq  stm32f10x_rcc.o
    0x080009d0   0x00000018   Code   RO          131    i.SPI_Cmd           stm32f10x_spi.o
    0x080009e8   0x00000012   Code   RO          139    i.SPI_I2S_GetFlagStatus  stm32f10x_spi.o
    0x080009fa   0x00000006   Code   RO          142    i.SPI_I2S_ReceiveData  stm32f10x_spi.o
    0x08000a00   0x00000004   Code   RO          143    i.SPI_I2S_SendData  stm32f10x_spi.o
    0x08000a04   0x0000003c   Code   RO          144    i.SPI_Init          stm32f10x_spi.o
    0x08000a40   0x00000002   Code   RO          876    i.SVC_Handler       stm32f10x_it.o
    0x08000a42   0x00000008   Code   RO           24    i.SetSysClock       system_stm32f10x.o
    0x08000a4a   0x00000002   PAD
    0x08000a4c   0x000000e0   Code   RO           25    i.SetSysClockTo72   system_stm32f10x.o
    0x08000b2c   0x000000a8   Code   RO          837    i.Spi1_Int          spi.o
    0x08000bd4   0x00000038   Code   RO          838    i.Spi_RW            spi.o
    0x08000c0c   0x00000040   Code   RO          839    i.Spi_read_buf      spi.o
    0x08000c4c   0x0000003c   Code   RO          840    i.Spi_write_buf     spi.o
    0x08000c88   0x00000028   Code   RO           90    i.SysTick_CLKSourceConfig  misc.o
    0x08000cb0   0x00000002   Code   RO          877    i.SysTick_Handler   stm32f10x_it.o
    0x08000cb2   0x00000002   PAD
    0x08000cb4   0x00000060   Code   RO           27    i.SystemInit        system_stm32f10x.o
    0x08000d14   0x0000018c   Code   RO          878    i.USART1_IRQHandler  stm32f10x_it.o
    0x08000ea0   0x00000012   Code   RO          638    i.USART_ClearFlag   stm32f10x_usart.o
    0x08000eb2   0x00000018   Code   RO          642    i.USART_Cmd         stm32f10x_usart.o
    0x08000eca   0x0000001a   Code   RO          645    i.USART_GetFlagStatus  stm32f10x_usart.o
    0x08000ee4   0x00000054   Code   RO          646    i.USART_GetITStatus  stm32f10x_usart.o
    0x08000f38   0x0000004a   Code   RO          648    i.USART_ITConfig    stm32f10x_usart.o
    0x08000f82   0x00000002   PAD
    0x08000f84   0x000000d8   Code   RO          649    i.USART_Init        stm32f10x_usart.o
    0x0800105c   0x0000000a   Code   RO          656    i.USART_ReceiveData  stm32f10x_usart.o
    0x08001066   0x0000002e   Code   RO          979    i.USART_Send        usart.o
    0x08001094   0x00000020   Code   RO          981    i.USART_send_byte   usart.o
    0x080010b4   0x00000004   Code   RO          879    i.UsageFault_Handler  stm32f10x_it.o
    0x080010b8   0x00000084   Code   RO          982    i.Usart_Int         usart.o
    0x0800113c   0x0000000e   Code   RO         1119    i.__scatterload_copy  mc_w.l(handlers.o)
    0x0800114a   0x00000002   Code   RO         1120    i.__scatterload_null  mc_w.l(handlers.o)
    0x0800114c   0x0000000e   Code   RO         1121    i.__scatterload_zeroinit  mc_w.l(handlers.o)
    0x0800115a   0x00000002   PAD
    0x0800115c   0x0000000c   Code   RO         1101    i.__set_errno       mc_w.l(errno.o)
    0x08001168   0x0000003c   Code   RO          949    i.delay_init        delay.o
    0x080011a4   0x0000003c   Code   RO          950    i.delay_ms          delay.o
    0x080011e0   0x00000308   Code   RO         1046    i.main              main.o
    0x080014e8   0x0000007c   Code   RO          983    i.send_out          usart.o
    0x08001564   0x0000004c   Code   RO         1063    i.sqrt              m_ws.l(sqrt.o)
    0x080015b0   0x00000020   Data   RO         1117    Region$$Table       anon$$obj.o


    Execution Region RW_IRAM1 (Base: 0x20000000, Size: 0x00000450, Max: 0x00005000, ABSOLUTE)

    Base Addr    Size         Type   Attr      Idx    E Section Name        Object

    0x20000000   0x00000014   Data   RW          470    .data               stm32f10x_rcc.o
    0x20000014   0x00000004   Data   RW          880    .data               stm32f10x_it.o
    0x20000018   0x00000004   Data   RW          952    .data               delay.o
    0x2000001c   0x00000004   Data   RW          985    .data               usart.o
    0x20000020   0x00000004   Data   RW         1102    .data               mc_w.l(errno.o)
    0x20000024   0x00000029   Zero   RW          984    .bss                usart.o
    0x2000004d   0x00000003   PAD
    0x20000050   0x00000400   Zero   RW           17    STACK               startup_stm32f10x_md.o


==============================================================================

Image component sizes


      Code (inc. data)   RO Data    RW Data    ZI Data      Debug   Object Name

         0          0          0          0          0       4304   core_cm3.o
       120         12          0          4          0       1236   delay.o
        96          0          0          0          0       1007   exti.o
        50          0          0          0          0        902   led.o
       846         16          0          0          0       1827   main.o
       172         22          0          0          0       2249   misc.o
       348         26          0          0          0       2662   spi.o
        36          8        236          0       1024        892   startup_stm32f10x_md.o
       200         18          0          0          0       2296   stm32f10x_exti.o
       350          4          0          0          0       3870   stm32f10x_gpio.o
       470         32          0          4          0       5359   stm32f10x_it.o
       244         26          0         20          0       4037   stm32f10x_rcc.o
       112          0          0          0          0       4094   stm32f10x_spi.o
       452          6          0          0          0       6486   stm32f10x_usart.o
       328         28          0          0          0     238537   system_stm32f10x.o
       750         34          0          4         41       4007   usart.o

    ----------------------------------------------------------------------
      4586        232        268         32       1068     283765   Object Totals
         0          0         32          0          0          0   (incl. Generated)
        12          0          0          0          3          0   (incl. Padding)

    ----------------------------------------------------------------------

      Code (inc. data)   RO Data    RW Data    ZI Data      Debug   Library Member Name

        76          0          0          0          0         84   sqrt.o
         0          0          0          0          0          0   entry.o
         0          0          0          0          0          0   entry10a.o
         0          0          0          0          0          0   entry11a.o
         8          4          0          0          0          0   entry2.o
         4          0          0          0          0          0   entry5.o
         0          0          0          0          0          0   entry7b.o
         0          0          0          0          0          0   entry8b.o
         8          4          0          0          0          0   entry9a.o
        12          6          0          4          0         68   errno.o
        30          0          0          0          0          0   handlers.o
        36          8          0          0          0         68   init.o
         0          0          0          0          0          0   iusefp.o
        30          0          0          0          0         68   llshl.o
        32          0          0          0          0         68   llushr.o
        36          0          0          0          0         68   memcpya.o
        36          0          0          0          0        108   memseta.o
       182          0          0          0          0        176   depilogue.o
        50          0          0          0          0         76   dfixui.o
        26          0          0          0          0         76   dfltui.o
       162          0          0          0          0        100   dsqrt.o

    ----------------------------------------------------------------------
       730         22          0          4          0        960   Library Totals
         2          0          0          0          0          0   (incl. Padding)

    ----------------------------------------------------------------------

      Code (inc. data)   RO Data    RW Data    ZI Data      Debug   Library Name

        76          0          0          0          0         84   m_ws.l
       232         22          0          4          0        448   mc_w.l
       420          0          0          0          0        428   mf_w.l

    ----------------------------------------------------------------------
       730         22          0          4          0        960   Library Totals

    ----------------------------------------------------------------------

==============================================================================


      Code (inc. data)   RO Data    RW Data    ZI Data      Debug   

      5316        254        268         36       1068     281861   Grand Totals
      5316        254        268         36       1068     281861   ELF Image Totals
      5316        254        268         36          0          0   ROM Totals

==============================================================================

    Total RO  Size (Code + RO Data)                 5584 (   5.45kB)
    Total RW  Size (RW Data + ZI Data)              1104 (   1.08kB)
    Total ROM Size (Code + RO Data + RW Data)       5620 (   5.49kB)

==============================================================================

